---
source: fuel-client/src/client/schema/coin.rs
assertion_line: 181
expression: operation.query

---
query Query($_0: HexStringUtxoId!) {
  coin(utxoId: $_0) {
    amount
    blockCreated
    color
    utxoId
    maturity
    owner {
      address
    }
    status
  }
}

