---
source: fuel-indexer/schema/src/lib.rs
assertion_line: 192
expression: uint8.query_fragment()

---
"8680820740569200760"

